I'm sorry, but errors were detected in your script. Please correct the
errors listed below, and try again.


File "game/script.rpy", line 23: expected end of line
    stop music "audio/telephone_ring.ogg"
               ^

Ren'Py Version: Ren'Py 7.3.5.606
Sun Jul 12 19:42:01 2020
